0 verbose cli /data/data/com.termux/files/usr/bin/node /data/data/com.termux/files/usr/bin/npm
1 info using npm@11.12.1
2 info using node@v25.8.2
3 silly config load:file:/data/data/com.termux/files/usr/lib/node_modules/npm/npmrc
4 silly config load:file:/data/data/com.termux/files/home/.npmrc
5 silly config load:file:/data/data/com.termux/files/home/.node_modules/etc/npmrc
6 verbose title npm install node-gyp
7 verbose argv "install" "--global" "node-gyp"
8 verbose logfile logs-max:10 dir:/data/data/com.termux/files/home/.npm/_logs/2026-04-06T01_20_39_253Z-
9 verbose logfile /data/data/com.termux/files/home/.npm/_logs/2026-04-06T01_20_39_253Z-debug-0.log
10 silly packumentCache heap:4395630592 maxSize:1098907648 maxEntrySize:549453824
11 silly logfile start cleaning logs, removing 1 files
12 silly logfile done cleaning log files
13 silly idealTree buildDeps
14 silly fetch manifest node-gyp@*
15 silly packumentCache full:https://registry.npmjs.org/node-gyp cache-miss
16 http fetch GET 200 https://registry.npmjs.org/node-gyp 543ms (cache revalidated)
17 silly packumentCache full:https://registry.npmjs.org/node-gyp set size:315451 disposed:false
18 silly placeDep ROOT node-gyp@12.2.0 OK for:  want: *
19 silly fetch manifest env-paths@^2.2.0
20 silly packumentCache full:https://registry.npmjs.org/env-paths cache-miss
21 silly fetch manifest exponential-backoff@^3.1.1
22 silly packumentCache full:https://registry.npmjs.org/exponential-backoff cache-miss
23 silly fetch manifest graceful-fs@^4.2.6
24 silly packumentCache full:https://registry.npmjs.org/graceful-fs cache-miss
25 silly fetch manifest make-fetch-happen@^15.0.0
26 silly packumentCache full:https://registry.npmjs.org/make-fetch-happen cache-miss
27 silly fetch manifest nopt@^9.0.0
28 silly packumentCache full:https://registry.npmjs.org/nopt cache-miss
29 silly fetch manifest proc-log@^6.0.0
30 silly packumentCache full:https://registry.npmjs.org/proc-log cache-miss
31 silly fetch manifest semver@^7.3.5
32 silly packumentCache full:https://registry.npmjs.org/semver cache-miss
33 http fetch GET 200 https://registry.npmjs.org/semver 190ms (cache revalidated)
34 silly packumentCache full:https://registry.npmjs.org/semver set size:229620 disposed:false
35 silly fetch manifest tar@^7.5.4
36 silly packumentCache full:https://registry.npmjs.org/tar cache-miss
37 http fetch GET 200 https://registry.npmjs.org/nopt 204ms (cache revalidated)
38 silly packumentCache full:https://registry.npmjs.org/nopt set size:71534 disposed:false
39 silly fetch manifest tinyglobby@^0.2.12
40 silly packumentCache full:https://registry.npmjs.org/tinyglobby cache-miss
41 http fetch GET 200 https://registry.npmjs.org/tinyglobby 69ms (cache miss)
42 silly packumentCache full:https://registry.npmjs.org/tinyglobby set size:undefined disposed:false
43 silly fetch manifest which@^6.0.0
44 silly packumentCache full:https://registry.npmjs.org/which cache-miss
45 http fetch GET 200 https://registry.npmjs.org/exponential-backoff 332ms (cache miss)
46 silly packumentCache full:https://registry.npmjs.org/exponential-backoff set size:undefined disposed:false
47 http fetch GET 200 https://registry.npmjs.org/env-paths 437ms (cache revalidated)
48 silly packumentCache full:https://registry.npmjs.org/env-paths set size:26913 disposed:false
49 http fetch GET 200 https://registry.npmjs.org/graceful-fs 442ms (cache revalidated)
50 silly packumentCache full:https://registry.npmjs.org/graceful-fs set size:124285 disposed:false
51 http fetch GET 200 https://registry.npmjs.org/make-fetch-happen 453ms (cache revalidated)
52 silly packumentCache full:https://registry.npmjs.org/make-fetch-happen set size:373687 disposed:false
53 http fetch GET 200 https://registry.npmjs.org/which 362ms (cache revalidated)
54 silly packumentCache full:https://registry.npmjs.org/which set size:67747 disposed:false
55 http fetch GET 200 https://registry.npmjs.org/proc-log 956ms (cache miss)
56 silly packumentCache full:https://registry.npmjs.org/proc-log set size:undefined disposed:false
57 http fetch GET 200 https://registry.npmjs.org/tar 797ms (cache revalidated)
58 silly packumentCache full:https://registry.npmjs.org/tar set size:531438 disposed:false
59 silly placeDep node_modules/node-gyp env-paths@2.2.1 OK for: node-gyp@12.2.0 want: ^2.2.0
60 silly placeDep node_modules/node-gyp exponential-backoff@3.1.3 OK for: node-gyp@12.2.0 want: ^3.1.1
61 silly placeDep node_modules/node-gyp graceful-fs@4.2.11 OK for: node-gyp@12.2.0 want: ^4.2.6
62 silly placeDep node_modules/node-gyp make-fetch-happen@15.0.5 OK for: node-gyp@12.2.0 want: ^15.0.0
63 silly placeDep node_modules/node-gyp nopt@9.0.0 OK for: node-gyp@12.2.0 want: ^9.0.0
64 silly placeDep node_modules/node-gyp proc-log@6.1.0 OK for: node-gyp@12.2.0 want: ^6.0.0
65 silly placeDep node_modules/node-gyp semver@7.7.4 OK for: node-gyp@12.2.0 want: ^7.3.5
66 silly placeDep node_modules/node-gyp tar@7.5.13 OK for: node-gyp@12.2.0 want: ^7.5.4
67 silly placeDep node_modules/node-gyp tinyglobby@0.2.15 OK for: node-gyp@12.2.0 want: ^0.2.12
68 silly placeDep node_modules/node-gyp which@6.0.1 OK for: node-gyp@12.2.0 want: ^6.0.0
69 silly fetch manifest ssri@^13.0.0
70 silly packumentCache full:https://registry.npmjs.org/ssri cache-miss
71 silly fetch manifest cacache@^20.0.1
72 silly packumentCache full:https://registry.npmjs.org/cacache cache-miss
73 silly fetch manifest minipass@^7.0.2
74 silly packumentCache full:https://registry.npmjs.org/minipass cache-miss
75 silly fetch manifest negotiator@^1.0.0
76 silly packumentCache full:https://registry.npmjs.org/negotiator cache-miss
77 silly fetch manifest @npmcli/agent@^4.0.0
78 silly packumentCache full:https://registry.npmjs.org/@npmcli%2fagent cache-miss
79 silly fetch manifest @npmcli/redact@^4.0.0
80 silly packumentCache full:https://registry.npmjs.org/@npmcli%2fredact cache-miss
81 silly fetch manifest minipass-fetch@^5.0.0
82 silly packumentCache full:https://registry.npmjs.org/minipass-fetch cache-miss
83 http fetch GET 200 https://registry.npmjs.org/negotiator 72ms (cache revalidated)
84 silly packumentCache full:https://registry.npmjs.org/negotiator set size:48046 disposed:false
85 silly fetch manifest minipass-flush@^1.0.5
86 silly packumentCache full:https://registry.npmjs.org/minipass-flush cache-miss
87 http fetch GET 200 https://registry.npmjs.org/minipass 314ms (cache revalidated)
88 silly packumentCache full:https://registry.npmjs.org/minipass set size:276925 disposed:false
89 silly fetch manifest minipass-pipeline@^1.2.4
90 silly packumentCache full:https://registry.npmjs.org/minipass-pipeline cache-miss
91 http fetch GET 200 https://registry.npmjs.org/ssri 326ms (cache revalidated)
92 silly packumentCache full:https://registry.npmjs.org/ssri set size:136145 disposed:false
93 silly fetch manifest @gar/promise-retry@^1.0.0
94 silly packumentCache full:https://registry.npmjs.org/@gar%2fpromise-retry cache-miss
95 http fetch GET 200 https://registry.npmjs.org/minipass-fetch 336ms (cache revalidated)
96 silly packumentCache full:https://registry.npmjs.org/minipass-fetch set size:106224 disposed:false
97 silly fetch manifest http-cache-semantics@^4.1.1
98 silly packumentCache full:https://registry.npmjs.org/http-cache-semantics cache-miss
99 http fetch GET 200 https://registry.npmjs.org/minipass-flush 299ms (cache revalidated)
100 silly packumentCache full:https://registry.npmjs.org/minipass-flush set size:21037 disposed:false
101 silly fetch manifest abbrev@^4.0.0
102 silly packumentCache full:https://registry.npmjs.org/abbrev cache-miss
103 http fetch GET 200 https://registry.npmjs.org/abbrev 60ms (cache revalidated)
104 silly packumentCache full:https://registry.npmjs.org/abbrev set size:21720 disposed:false
105 silly fetch manifest @isaacs/fs-minipass@^4.0.0
106 silly packumentCache full:https://registry.npmjs.org/@isaacs%2ffs-minipass cache-miss
107 http fetch GET 200 https://registry.npmjs.org/minipass-pipeline 310ms (cache revalidated)
108 silly packumentCache full:https://registry.npmjs.org/minipass-pipeline set size:32257 disposed:false
109 silly fetch manifest chownr@^3.0.0
110 silly packumentCache full:https://registry.npmjs.org/chownr cache-miss
111 http fetch GET 200 https://registry.npmjs.org/http-cache-semantics 292ms (cache revalidated)
112 silly packumentCache full:https://registry.npmjs.org/http-cache-semantics set size:66288 disposed:false
113 silly fetch manifest minipass@^7.1.2
114 silly packumentCache full:https://registry.npmjs.org/minipass cache-hit
115 silly fetch manifest minizlib@^3.1.0
116 silly packumentCache full:https://registry.npmjs.org/minizlib cache-miss
117 http fetch GET 200 https://registry.npmjs.org/@npmcli%2fredact 670ms (cache miss)
118 silly packumentCache full:https://registry.npmjs.org/@npmcli%2fredact set size:undefined disposed:false
119 silly fetch manifest yallist@^5.0.0
120 silly packumentCache full:https://registry.npmjs.org/yallist cache-miss
121 http fetch GET 200 https://registry.npmjs.org/chownr 60ms (cache revalidated)
122 silly packumentCache full:https://registry.npmjs.org/chownr set size:22157 disposed:false
123 silly fetch manifest fdir@^6.5.0
124 silly packumentCache full:https://registry.npmjs.org/fdir cache-miss
125 http fetch GET 200 https://registry.npmjs.org/yallist 51ms (cache revalidated)
126 silly packumentCache full:https://registry.npmjs.org/yallist set size:34610 disposed:false
127 silly fetch manifest picomatch@^4.0.3
128 silly packumentCache full:https://registry.npmjs.org/picomatch cache-miss
129 http fetch GET 200 https://registry.npmjs.org/fdir 69ms (cache miss)
130 silly packumentCache full:https://registry.npmjs.org/fdir set size:undefined disposed:false
131 silly fetch manifest isexe@^4.0.0
132 silly packumentCache full:https://registry.npmjs.org/isexe cache-miss
133 http fetch GET 200 https://registry.npmjs.org/cacache 800ms (cache revalidated)
134 silly packumentCache full:https://registry.npmjs.org/cacache set size:382726 disposed:false
135 http fetch GET 200 https://registry.npmjs.org/minizlib 303ms (cache revalidated)
136 silly packumentCache full:https://registry.npmjs.org/minizlib set size:62862 disposed:false
137 http fetch GET 200 https://registry.npmjs.org/picomatch 303ms (cache revalidated)
138 silly packumentCache full:https://registry.npmjs.org/picomatch set size:126376 disposed:false
139 http fetch GET 200 https://registry.npmjs.org/isexe 303ms (cache revalidated)
140 silly packumentCache full:https://registry.npmjs.org/isexe set size:31756 disposed:false
141 http fetch GET 200 https://registry.npmjs.org/@isaacs%2ffs-minipass 675ms (cache miss)
142 silly packumentCache full:https://registry.npmjs.org/@isaacs%2ffs-minipass set size:undefined disposed:false
143 http fetch GET 200 https://registry.npmjs.org/@npmcli%2fagent 1205ms (cache miss)
144 silly packumentCache full:https://registry.npmjs.org/@npmcli%2fagent set size:undefined disposed:false
145 http fetch GET 200 https://registry.npmjs.org/@gar%2fpromise-retry 5931ms (cache miss)
146 silly packumentCache full:https://registry.npmjs.org/@gar%2fpromise-retry set size:undefined disposed:false
147 silly placeDep node_modules/node-gyp @gar/promise-retry@1.0.3 OK for: make-fetch-happen@15.0.5 want: ^1.0.0
148 silly placeDep node_modules/node-gyp @npmcli/agent@4.0.0 OK for: make-fetch-happen@15.0.5 want: ^4.0.0
149 silly placeDep node_modules/node-gyp @npmcli/redact@4.0.0 OK for: make-fetch-happen@15.0.5 want: ^4.0.0
150 silly placeDep node_modules/node-gyp cacache@20.0.4 OK for: make-fetch-happen@15.0.5 want: ^20.0.1
151 silly placeDep node_modules/node-gyp http-cache-semantics@4.2.0 OK for: make-fetch-happen@15.0.5 want: ^4.1.1
152 silly placeDep node_modules/node-gyp minipass@7.1.3 OK for: make-fetch-happen@15.0.5 want: ^7.0.2
153 silly placeDep node_modules/node-gyp minipass-fetch@5.0.2 OK for: make-fetch-happen@15.0.5 want: ^5.0.0
154 silly placeDep node_modules/node-gyp minipass-flush@1.0.7 OK for: make-fetch-happen@15.0.5 want: ^1.0.5
155 silly placeDep node_modules/node-gyp minipass-pipeline@1.2.4 OK for: make-fetch-happen@15.0.5 want: ^1.2.4
156 silly placeDep node_modules/node-gyp negotiator@1.0.0 OK for: make-fetch-happen@15.0.5 want: ^1.0.0
157 silly placeDep node_modules/node-gyp ssri@13.0.1 OK for: make-fetch-happen@15.0.5 want: ^13.0.0
158 silly fetch manifest lru-cache@^11.2.1
159 silly packumentCache full:https://registry.npmjs.org/lru-cache cache-miss
160 silly fetch manifest agent-base@^7.1.0
161 silly packumentCache full:https://registry.npmjs.org/agent-base cache-miss
162 silly fetch manifest http-proxy-agent@^7.0.0
163 silly packumentCache full:https://registry.npmjs.org/http-proxy-agent cache-miss
164 silly fetch manifest https-proxy-agent@^7.0.1
165 silly packumentCache full:https://registry.npmjs.org/https-proxy-agent cache-miss
166 silly fetch manifest socks-proxy-agent@^8.0.3
167 silly packumentCache full:https://registry.npmjs.org/socks-proxy-agent cache-miss
168 silly fetch manifest glob@^13.0.0
169 silly packumentCache full:https://registry.npmjs.org/glob cache-miss
170 silly fetch manifest p-map@^7.0.2
171 silly packumentCache full:https://registry.npmjs.org/p-map cache-miss
172 http fetch GET 200 https://registry.npmjs.org/https-proxy-agent 103ms (cache revalidated)
173 silly packumentCache full:https://registry.npmjs.org/https-proxy-agent set size:81258 disposed:false
174 silly fetch manifest minipass@^7.0.3
175 silly packumentCache full:https://registry.npmjs.org/minipass cache-hit
176 silly fetch manifest lru-cache@^11.1.0
177 silly packumentCache full:https://registry.npmjs.org/lru-cache cache-miss
178 http fetch GET 200 https://registry.npmjs.org/socks-proxy-agent 132ms (cache revalidated)
179 silly packumentCache full:https://registry.npmjs.org/socks-proxy-agent set size:104740 disposed:false
180 silly fetch manifest @npmcli/fs@^5.0.0
181 silly packumentCache full:https://registry.npmjs.org/@npmcli%2ffs cache-miss
182 http fetch GET 200 https://registry.npmjs.org/glob 139ms (cache revalidated)
183 silly packumentCache full:https://registry.npmjs.org/glob set size:469465 disposed:false
184 silly fetch manifest fs-minipass@^3.0.0
185 silly packumentCache full:https://registry.npmjs.org/fs-minipass cache-miss
186 http fetch GET 200 https://registry.npmjs.org/agent-base 343ms (cache revalidated)
187 silly packumentCache full:https://registry.npmjs.org/agent-base set size:72085 disposed:false
188 silly fetch manifest minipass-collect@^2.0.1
189 silly packumentCache full:https://registry.npmjs.org/minipass-collect cache-miss
190 http fetch GET 200 https://registry.npmjs.org/p-map 342ms (cache revalidated)
191 silly packumentCache full:https://registry.npmjs.org/p-map set size:52373 disposed:false
192 silly fetch manifest minizlib@^3.0.1
193 silly packumentCache full:https://registry.npmjs.org/minizlib cache-hit
194 silly fetch manifest minipass-sized@^2.0.0
195 silly packumentCache full:https://registry.npmjs.org/minipass-sized cache-miss
196 http fetch GET 200 https://registry.npmjs.org/http-proxy-agent 369ms (cache revalidated)
197 silly packumentCache full:https://registry.npmjs.org/http-proxy-agent set size:54849 disposed:false
198 silly fetch manifest iconv-lite@^0.7.2
199 silly packumentCache full:https://registry.npmjs.org/iconv-lite cache-miss
200 http fetch GET 200 https://registry.npmjs.org/lru-cache 319ms (cache revalidated)
201 silly packumentCache full:https://registry.npmjs.org/lru-cache set size:421715 disposed:false
202 silly fetch manifest minipass@^3.0.0
203 silly packumentCache full:https://registry.npmjs.org/minipass cache-hit
204 http fetch GET 200 https://registry.npmjs.org/iconv-lite 85ms (cache revalidated)
205 silly packumentCache full:https://registry.npmjs.org/iconv-lite set size:120557 disposed:false
206 http fetch GET 200 https://registry.npmjs.org/fs-minipass 319ms (cache revalidated)
207 silly packumentCache full:https://registry.npmjs.org/fs-minipass set size:44606 disposed:false
208 http fetch GET 200 https://registry.npmjs.org/minipass-collect 325ms (cache revalidated)
209 silly packumentCache full:https://registry.npmjs.org/minipass-collect set size:12471 disposed:false
210 http fetch GET 200 https://registry.npmjs.org/minipass-sized 313ms (cache revalidated)
211 silly packumentCache full:https://registry.npmjs.org/minipass-sized set size:14420 disposed:false
212 http fetch GET 200 https://registry.npmjs.org/lru-cache 815ms (cache revalidated)
213 silly packumentCache full:https://registry.npmjs.org/lru-cache set size:421715 disposed:false
214 silly packumentCache full:https://registry.npmjs.org/lru-cache dispose
215 http fetch GET 200 https://registry.npmjs.org/@npmcli%2ffs 704ms (cache revalidated)
216 silly packumentCache full:https://registry.npmjs.org/@npmcli%2ffs set size:40494 disposed:false
217 silly placeDep node_modules/node-gyp agent-base@7.1.4 OK for: @npmcli/agent@4.0.0 want: ^7.1.0
218 silly placeDep node_modules/node-gyp http-proxy-agent@7.0.2 OK for: @npmcli/agent@4.0.0 want: ^7.0.0
219 silly placeDep node_modules/node-gyp https-proxy-agent@7.0.6 OK for: @npmcli/agent@4.0.0 want: ^7.0.1
220 silly placeDep node_modules/node-gyp lru-cache@11.3.0 OK for: @npmcli/agent@4.0.0 want: ^11.2.1
221 silly placeDep node_modules/node-gyp socks-proxy-agent@8.0.5 OK for: @npmcli/agent@4.0.0 want: ^8.0.3
222 silly fetch manifest debug@^4.3.4
223 silly packumentCache full:https://registry.npmjs.org/debug cache-miss
224 silly fetch manifest debug@4
225 silly packumentCache full:https://registry.npmjs.org/debug cache-miss
226 silly fetch manifest debug@^4.3.4
227 silly packumentCache full:https://registry.npmjs.org/debug cache-miss
228 silly fetch manifest socks@^2.8.3
229 silly packumentCache full:https://registry.npmjs.org/socks cache-miss
230 http fetch GET 200 https://registry.npmjs.org/debug 83ms (cache revalidated)
231 silly packumentCache full:https://registry.npmjs.org/debug set size:195840 disposed:false
232 http fetch GET 200 https://registry.npmjs.org/debug 90ms (cache revalidated)
233 silly packumentCache full:https://registry.npmjs.org/debug set size:195840 disposed:false
234 silly packumentCache full:https://registry.npmjs.org/debug dispose
235 http fetch GET 200 https://registry.npmjs.org/debug 99ms (cache revalidated)
236 silly packumentCache full:https://registry.npmjs.org/debug set size:195840 disposed:true
237 silly packumentCache full:https://registry.npmjs.org/debug dispose
238 http fetch GET 200 https://registry.npmjs.org/socks 825ms (cache revalidated)
239 silly packumentCache full:https://registry.npmjs.org/socks set size:168523 disposed:false
240 silly placeDep node_modules/node-gyp @npmcli/fs@5.0.0 OK for: cacache@20.0.4 want: ^5.0.0
241 silly placeDep node_modules/node-gyp fs-minipass@3.0.3 OK for: cacache@20.0.4 want: ^3.0.0
242 silly placeDep node_modules/node-gyp glob@13.0.6 OK for: cacache@20.0.4 want: ^13.0.0
243 silly placeDep node_modules/node-gyp minipass-collect@2.0.1 OK for: cacache@20.0.4 want: ^2.0.1
244 silly placeDep node_modules/node-gyp p-map@7.0.4 OK for: cacache@20.0.4 want: ^7.0.2
245 silly fetch manifest minimatch@^10.2.2
246 silly packumentCache full:https://registry.npmjs.org/minimatch cache-miss
247 silly fetch manifest path-scurry@^2.0.2
248 silly packumentCache full:https://registry.npmjs.org/path-scurry cache-miss
249 http fetch GET 200 https://registry.npmjs.org/minimatch 59ms (cache revalidated)
250 silly packumentCache full:https://registry.npmjs.org/minimatch set size:375282 disposed:false
251 http fetch GET 200 https://registry.npmjs.org/path-scurry 779ms (cache revalidated)
252 silly packumentCache full:https://registry.npmjs.org/path-scurry set size:117612 disposed:false
253 silly placeDep node_modules/node-gyp minimatch@10.2.5 OK for: glob@13.0.6 want: ^10.2.2
254 silly placeDep node_modules/node-gyp path-scurry@2.0.2 OK for: glob@13.0.6 want: ^2.0.2
255 silly fetch manifest brace-expansion@^5.0.5
256 silly packumentCache full:https://registry.npmjs.org/brace-expansion cache-miss
257 http fetch GET 200 https://registry.npmjs.org/brace-expansion 65ms (cache revalidated)
258 silly packumentCache full:https://registry.npmjs.org/brace-expansion set size:61740 disposed:false
259 silly placeDep node_modules/node-gyp debug@4.4.3 OK for: http-proxy-agent@7.0.2 want: ^4.3.4
260 silly fetch manifest ms@^2.1.3
261 silly packumentCache full:https://registry.npmjs.org/ms cache-miss
262 http fetch GET 200 https://registry.npmjs.org/ms 98ms (cache revalidated)
263 silly packumentCache full:https://registry.npmjs.org/ms set size:92208 disposed:false
264 silly placeDep node_modules/node-gyp ms@2.1.3 OK for: debug@4.4.3 want: ^2.1.3
265 silly placeDep node_modules/node-gyp brace-expansion@5.0.5 OK for: minimatch@10.2.5 want: ^5.0.5
266 silly fetch manifest balanced-match@^4.0.2
267 silly packumentCache full:https://registry.npmjs.org/balanced-match cache-miss
268 http fetch GET 200 https://registry.npmjs.org/balanced-match 55ms (cache revalidated)
269 silly packumentCache full:https://registry.npmjs.org/balanced-match set size:39082 disposed:false
270 silly placeDep node_modules/node-gyp balanced-match@4.0.4 OK for: brace-expansion@5.0.5 want: ^4.0.2
271 silly placeDep node_modules/node-gyp iconv-lite@0.7.2 OK for: minipass-fetch@5.0.2 want: ^0.7.2
272 silly placeDep node_modules/node-gyp minipass-sized@2.0.0 OK for: minipass-fetch@5.0.2 want: ^2.0.0
273 silly placeDep node_modules/node-gyp minizlib@3.1.0 OK for: minipass-fetch@5.0.2 want: ^3.0.1
274 silly fetch manifest safer-buffer@>= 2.1.2 < 3.0.0
275 silly packumentCache full:https://registry.npmjs.org/safer-buffer cache-miss
276 http fetch GET 200 https://registry.npmjs.org/safer-buffer 68ms (cache revalidated)
277 silly packumentCache full:https://registry.npmjs.org/safer-buffer set size:18521 disposed:false
278 silly placeDep node_modules/node-gyp safer-buffer@2.1.2 OK for: iconv-lite@0.7.2 want: >= 2.1.2 < 3.0.0
279 silly placeDep node_modules/node-gyp/node_modules/minipass-flush minipass@3.3.6 OK for: minipass-flush@1.0.7 want: ^3.0.0
280 silly fetch manifest yallist@^4.0.0
281 silly packumentCache full:https://registry.npmjs.org/yallist cache-hit
282 silly placeDep node_modules/node-gyp/node_modules/minipass-pipeline minipass@3.3.6 OK for: minipass-pipeline@1.2.4 want: ^3.0.0
283 silly placeDep node_modules/node-gyp abbrev@4.0.0 OK for: nopt@9.0.0 want: ^4.0.0
284 silly placeDep node_modules/node-gyp socks@2.8.7 OK for: socks-proxy-agent@8.0.5 want: ^2.8.3
285 silly fetch manifest ip-address@^10.0.1
286 silly packumentCache full:https://registry.npmjs.org/ip-address cache-miss
287 silly fetch manifest smart-buffer@^4.2.0
288 silly packumentCache full:https://registry.npmjs.org/smart-buffer cache-miss
289 http fetch GET 200 https://registry.npmjs.org/smart-buffer 336ms (cache revalidated)
290 silly packumentCache full:https://registry.npmjs.org/smart-buffer set size:87065 disposed:false
291 http fetch GET 200 https://registry.npmjs.org/ip-address 771ms (cache revalidated)
292 silly packumentCache full:https://registry.npmjs.org/ip-address set size:135050 disposed:false
293 silly placeDep node_modules/node-gyp ip-address@10.1.0 OK for: socks@2.8.7 want: ^10.0.1
294 silly placeDep node_modules/node-gyp smart-buffer@4.2.0 OK for: socks@2.8.7 want: ^4.2.0
295 silly placeDep node_modules/node-gyp @isaacs/fs-minipass@4.0.1 OK for: tar@7.5.13 want: ^4.0.0
296 silly placeDep node_modules/node-gyp chownr@3.0.0 OK for: tar@7.5.13 want: ^3.0.0
297 silly placeDep node_modules/node-gyp yallist@5.0.0 OK for: tar@7.5.13 want: ^5.0.0
298 silly placeDep node_modules/node-gyp fdir@6.5.0 OK for: tinyglobby@0.2.15 want: ^6.5.0
299 silly placeDep node_modules/node-gyp picomatch@4.0.4 OK for: tinyglobby@0.2.15 want: ^4.0.3
300 silly placeDep node_modules/node-gyp isexe@4.0.0 OK for: which@6.0.1 want: ^4.0.0
301 silly placeDep node_modules/node-gyp/node_modules/minipass-flush yallist@4.0.0 OK for: minipass@3.3.6 want: ^4.0.0
302 silly placeDep node_modules/node-gyp/node_modules/minipass-pipeline yallist@4.0.0 OK for: minipass@3.3.6 want: ^4.0.0
303 silly reify moves {}
304 http cache node-gyp@https://registry.npmjs.org/node-gyp/-/node-gyp-12.2.0.tgz 0ms (cache hit)
305 http cache fdir@https://registry.npmjs.org/fdir/-/fdir-6.5.0.tgz 0ms (cache hit)
306 http cache isexe@https://registry.npmjs.org/isexe/-/isexe-4.0.0.tgz 0ms (cache hit)
307 http cache yallist@https://registry.npmjs.org/yallist/-/yallist-5.0.0.tgz 0ms (cache hit)
308 http cache picomatch@https://registry.npmjs.org/picomatch/-/picomatch-4.0.4.tgz 0ms (cache hit)
309 http cache chownr@https://registry.npmjs.org/chownr/-/chownr-3.0.0.tgz 0ms (cache hit)
310 http cache @isaacs/fs-minipass@https://registry.npmjs.org/@isaacs/fs-minipass/-/fs-minipass-4.0.1.tgz 0ms (cache hit)
311 http cache smart-buffer@https://registry.npmjs.org/smart-buffer/-/smart-buffer-4.2.0.tgz 0ms (cache hit)
312 http cache socks@https://registry.npmjs.org/socks/-/socks-2.8.7.tgz 0ms (cache hit)
313 http cache abbrev@https://registry.npmjs.org/abbrev/-/abbrev-4.0.0.tgz 0ms (cache hit)
314 http cache ip-address@https://registry.npmjs.org/ip-address/-/ip-address-10.1.0.tgz 0ms (cache hit)
315 http cache safer-buffer@https://registry.npmjs.org/safer-buffer/-/safer-buffer-2.1.2.tgz 0ms (cache hit)
316 http cache minizlib@https://registry.npmjs.org/minizlib/-/minizlib-3.1.0.tgz 0ms (cache hit)
317 http cache minipass-sized@https://registry.npmjs.org/minipass-sized/-/minipass-sized-2.0.0.tgz 0ms (cache hit)
318 http cache iconv-lite@https://registry.npmjs.org/iconv-lite/-/iconv-lite-0.7.2.tgz 0ms (cache hit)
319 http cache balanced-match@https://registry.npmjs.org/balanced-match/-/balanced-match-4.0.4.tgz 0ms (cache hit)
320 http cache brace-expansion@https://registry.npmjs.org/brace-expansion/-/brace-expansion-5.0.5.tgz 0ms (cache hit)
321 http cache ms@https://registry.npmjs.org/ms/-/ms-2.1.3.tgz 0ms (cache hit)
322 http cache path-scurry@https://registry.npmjs.org/path-scurry/-/path-scurry-2.0.2.tgz 0ms (cache hit)
323 http cache debug@https://registry.npmjs.org/debug/-/debug-4.4.3.tgz 0ms (cache hit)
324 http cache minimatch@https://registry.npmjs.org/minimatch/-/minimatch-10.2.5.tgz 0ms (cache hit)
325 http cache p-map@https://registry.npmjs.org/p-map/-/p-map-7.0.4.tgz 0ms (cache hit)
326 http cache minipass-collect@https://registry.npmjs.org/minipass-collect/-/minipass-collect-2.0.1.tgz 0ms (cache hit)
327 http cache glob@https://registry.npmjs.org/glob/-/glob-13.0.6.tgz 0ms (cache hit)
328 http cache fs-minipass@https://registry.npmjs.org/fs-minipass/-/fs-minipass-3.0.3.tgz 0ms (cache hit)
329 http cache @npmcli/fs@https://registry.npmjs.org/@npmcli/fs/-/fs-5.0.0.tgz 0ms (cache hit)
330 http cache lru-cache@https://registry.npmjs.org/lru-cache/-/lru-cache-11.3.0.tgz 0ms (cache hit)
331 http cache socks-proxy-agent@https://registry.npmjs.org/socks-proxy-agent/-/socks-proxy-agent-8.0.5.tgz 0ms (cache hit)
332 http cache https-proxy-agent@https://registry.npmjs.org/https-proxy-agent/-/https-proxy-agent-7.0.6.tgz 0ms (cache hit)
333 http cache agent-base@https://registry.npmjs.org/agent-base/-/agent-base-7.1.4.tgz 0ms (cache hit)
334 http cache http-proxy-agent@https://registry.npmjs.org/http-proxy-agent/-/http-proxy-agent-7.0.2.tgz 0ms (cache hit)
335 http cache ssri@https://registry.npmjs.org/ssri/-/ssri-13.0.1.tgz 0ms (cache hit)
336 http cache negotiator@https://registry.npmjs.org/negotiator/-/negotiator-1.0.0.tgz 0ms (cache hit)
337 http cache minipass-pipeline@https://registry.npmjs.org/minipass-pipeline/-/minipass-pipeline-1.2.4.tgz 0ms (cache hit)
338 http cache minipass@https://registry.npmjs.org/minipass/-/minipass-3.3.6.tgz 0ms (cache hit)
339 http cache minipass-flush@https://registry.npmjs.org/minipass-flush/-/minipass-flush-1.0.7.tgz 0ms (cache hit)
340 http cache yallist@https://registry.npmjs.org/yallist/-/yallist-4.0.0.tgz 0ms (cache hit)
341 http cache minipass@https://registry.npmjs.org/minipass/-/minipass-3.3.6.tgz 0ms (cache hit)
342 http cache minipass-fetch@https://registry.npmjs.org/minipass-fetch/-/minipass-fetch-5.0.2.tgz 0ms (cache hit)
343 http cache minipass@https://registry.npmjs.org/minipass/-/minipass-7.1.3.tgz 1ms (cache hit)
344 http cache yallist@https://registry.npmjs.org/yallist/-/yallist-4.0.0.tgz 0ms (cache hit)
345 http cache cacache@https://registry.npmjs.org/cacache/-/cacache-20.0.4.tgz 0ms (cache hit)
346 http cache http-cache-semantics@https://registry.npmjs.org/http-cache-semantics/-/http-cache-semantics-4.2.0.tgz 0ms (cache hit)
347 http cache @npmcli/redact@https://registry.npmjs.org/@npmcli/redact/-/redact-4.0.0.tgz 0ms (cache hit)
348 http cache @npmcli/agent@https://registry.npmjs.org/@npmcli/agent/-/agent-4.0.0.tgz 0ms (cache hit)
349 http cache which@https://registry.npmjs.org/which/-/which-6.0.1.tgz 0ms (cache hit)
350 http cache tinyglobby@https://registry.npmjs.org/tinyglobby/-/tinyglobby-0.2.15.tgz 0ms (cache hit)
351 http cache semver@https://registry.npmjs.org/semver/-/semver-7.7.4.tgz 0ms (cache hit)
352 http cache tar@https://registry.npmjs.org/tar/-/tar-7.5.13.tgz 0ms (cache hit)
353 http cache proc-log@https://registry.npmjs.org/proc-log/-/proc-log-6.1.0.tgz 0ms (cache hit)
354 http cache nopt@https://registry.npmjs.org/nopt/-/nopt-9.0.0.tgz 0ms (cache hit)
355 http cache graceful-fs@https://registry.npmjs.org/graceful-fs/-/graceful-fs-4.2.11.tgz 0ms (cache hit)
356 http cache exponential-backoff@https://registry.npmjs.org/exponential-backoff/-/exponential-backoff-3.1.3.tgz 0ms (cache hit)
357 http cache make-fetch-happen@https://registry.npmjs.org/make-fetch-happen/-/make-fetch-happen-15.0.5.tgz 0ms (cache hit)
358 http cache env-paths@https://registry.npmjs.org/env-paths/-/env-paths-2.2.1.tgz 0ms (cache hit)
359 http cache @gar/promise-retry@https://registry.npmjs.org/@gar/promise-retry/-/promise-retry-1.0.3.tgz 0ms (cache hit)
360 silly tarball no local data for node-gyp@https://registry.npmjs.org/node-gyp/-/node-gyp-12.2.0.tgz. Extracting by manifest.
361 silly tarball no local data for fdir@https://registry.npmjs.org/fdir/-/fdir-6.5.0.tgz. Extracting by manifest.
362 silly tarball no local data for isexe@https://registry.npmjs.org/isexe/-/isexe-4.0.0.tgz. Extracting by manifest.
363 silly tarball no local data for yallist@https://registry.npmjs.org/yallist/-/yallist-5.0.0.tgz. Extracting by manifest.
364 silly tarball no local data for chownr@https://registry.npmjs.org/chownr/-/chownr-3.0.0.tgz. Extracting by manifest.
365 silly tarball no local data for @isaacs/fs-minipass@https://registry.npmjs.org/@isaacs/fs-minipass/-/fs-minipass-4.0.1.tgz. Extracting by manifest.
366 silly tarball no local data for abbrev@https://registry.npmjs.org/abbrev/-/abbrev-4.0.0.tgz. Extracting by manifest.
367 silly tarball no local data for minizlib@https://registry.npmjs.org/minizlib/-/minizlib-3.1.0.tgz. Extracting by manifest.
368 silly tarball no local data for minipass-sized@https://registry.npmjs.org/minipass-sized/-/minipass-sized-2.0.0.tgz. Extracting by manifest.
369 silly tarball no local data for p-map@https://registry.npmjs.org/p-map/-/p-map-7.0.4.tgz. Extracting by manifest.
370 silly tarball no local data for glob@https://registry.npmjs.org/glob/-/glob-13.0.6.tgz. Extracting by manifest.
371 silly tarball no local data for minipass-collect@https://registry.npmjs.org/minipass-collect/-/minipass-collect-2.0.1.tgz. Extracting by manifest.
372 silly tarball no local data for fs-minipass@https://registry.npmjs.org/fs-minipass/-/fs-minipass-3.0.3.tgz. Extracting by manifest.
373 silly tarball no local data for @npmcli/fs@https://registry.npmjs.org/@npmcli/fs/-/fs-5.0.0.tgz. Extracting by manifest.
374 silly tarball no local data for socks-proxy-agent@https://registry.npmjs.org/socks-proxy-agent/-/socks-proxy-agent-8.0.5.tgz. Extracting by manifest.
375 silly tarball no local data for ssri@https://registry.npmjs.org/ssri/-/ssri-13.0.1.tgz. Extracting by manifest.
376 silly tarball no local data for minipass-fetch@https://registry.npmjs.org/minipass-fetch/-/minipass-fetch-5.0.2.tgz. Extracting by manifest.
377 silly tarball no local data for cacache@https://registry.npmjs.org/cacache/-/cacache-20.0.4.tgz. Extracting by manifest.
378 silly tarball no local data for @npmcli/redact@https://registry.npmjs.org/@npmcli/redact/-/redact-4.0.0.tgz. Extracting by manifest.
379 silly tarball no local data for @npmcli/agent@https://registry.npmjs.org/@npmcli/agent/-/agent-4.0.0.tgz. Extracting by manifest.
380 silly tarball no local data for which@https://registry.npmjs.org/which/-/which-6.0.1.tgz. Extracting by manifest.
381 silly tarball no local data for tinyglobby@https://registry.npmjs.org/tinyglobby/-/tinyglobby-0.2.15.tgz. Extracting by manifest.
382 silly tarball no local data for tar@https://registry.npmjs.org/tar/-/tar-7.5.13.tgz. Extracting by manifest.
383 silly tarball no local data for nopt@https://registry.npmjs.org/nopt/-/nopt-9.0.0.tgz. Extracting by manifest.
384 silly tarball no local data for proc-log@https://registry.npmjs.org/proc-log/-/proc-log-6.1.0.tgz. Extracting by manifest.
385 silly tarball no local data for exponential-backoff@https://registry.npmjs.org/exponential-backoff/-/exponential-backoff-3.1.3.tgz. Extracting by manifest.
386 silly tarball no local data for make-fetch-happen@https://registry.npmjs.org/make-fetch-happen/-/make-fetch-happen-15.0.5.tgz. Extracting by manifest.
387 silly tarball no local data for @gar/promise-retry@https://registry.npmjs.org/@gar/promise-retry/-/promise-retry-1.0.3.tgz. Extracting by manifest.
388 http fetch GET 200 https://registry.npmjs.org/abbrev/-/abbrev-4.0.0.tgz 551ms (cache miss)
389 http fetch GET 200 https://registry.npmjs.org/ssri/-/ssri-13.0.1.tgz 559ms (cache miss)
390 http fetch GET 200 https://registry.npmjs.org/which/-/which-6.0.1.tgz 560ms (cache miss)
391 http fetch GET 200 https://registry.npmjs.org/tinyglobby/-/tinyglobby-0.2.15.tgz 578ms (cache miss)
392 http fetch GET 200 https://registry.npmjs.org/proc-log/-/proc-log-6.1.0.tgz 596ms (cache miss)
393 http fetch GET 200 https://registry.npmjs.org/minipass-collect/-/minipass-collect-2.0.1.tgz 634ms (cache miss)
394 http fetch GET 200 https://registry.npmjs.org/fdir/-/fdir-6.5.0.tgz 656ms (cache miss)
395 http fetch GET 200 https://registry.npmjs.org/p-map/-/p-map-7.0.4.tgz 659ms (cache miss)
396 http fetch GET 200 https://registry.npmjs.org/fs-minipass/-/fs-minipass-3.0.3.tgz 664ms (cache miss)
397 http fetch GET 200 https://registry.npmjs.org/nopt/-/nopt-9.0.0.tgz 699ms (cache miss)
398 http fetch GET 200 https://registry.npmjs.org/@npmcli/agent/-/agent-4.0.0.tgz 706ms (cache miss)
399 http fetch GET 200 https://registry.npmjs.org/socks-proxy-agent/-/socks-proxy-agent-8.0.5.tgz 723ms (cache miss)
400 http fetch GET 200 https://registry.npmjs.org/minipass-fetch/-/minipass-fetch-5.0.2.tgz 748ms (cache miss)
401 http fetch GET 200 https://registry.npmjs.org/chownr/-/chownr-3.0.0.tgz 790ms (cache miss)
402 http fetch GET 200 https://registry.npmjs.org/@gar/promise-retry/-/promise-retry-1.0.3.tgz 781ms (cache miss)
403 http fetch GET 200 https://registry.npmjs.org/yallist/-/yallist-5.0.0.tgz 832ms (cache miss)
404 http fetch GET 200 https://registry.npmjs.org/minipass-sized/-/minipass-sized-2.0.0.tgz 847ms (cache miss)
405 http fetch GET 200 https://registry.npmjs.org/@isaacs/fs-minipass/-/fs-minipass-4.0.1.tgz 870ms (cache miss)
406 http fetch GET 200 https://registry.npmjs.org/make-fetch-happen/-/make-fetch-happen-15.0.5.tgz 870ms (cache miss)
407 http fetch GET 200 https://registry.npmjs.org/cacache/-/cacache-20.0.4.tgz 900ms (cache miss)
408 http fetch GET 200 https://registry.npmjs.org/minizlib/-/minizlib-3.1.0.tgz 979ms (cache miss)
409 http fetch GET 200 https://registry.npmjs.org/@npmcli/redact/-/redact-4.0.0.tgz 1030ms (cache miss)
410 http fetch GET 200 https://registry.npmjs.org/isexe/-/isexe-4.0.0.tgz 1099ms (cache miss)
411 http fetch GET 200 https://registry.npmjs.org/exponential-backoff/-/exponential-backoff-3.1.3.tgz 1094ms (cache miss)
412 http fetch GET 200 https://registry.npmjs.org/@npmcli/fs/-/fs-5.0.0.tgz 1186ms (cache miss)
413 http fetch GET 200 https://registry.npmjs.org/glob/-/glob-13.0.6.tgz 1247ms (cache miss)
414 http fetch GET 200 https://registry.npmjs.org/node-gyp/-/node-gyp-12.2.0.tgz 1332ms (cache miss)
415 http fetch GET 200 https://registry.npmjs.org/tar/-/tar-7.5.13.tgz 1371ms (cache miss)
416 silly ADD node_modules/node-gyp
417 silly ADD node_modules/node-gyp/node_modules/isexe
418 silly ADD node_modules/node-gyp/node_modules/picomatch
419 silly ADD node_modules/node-gyp/node_modules/fdir
420 silly ADD node_modules/node-gyp/node_modules/yallist
421 silly ADD node_modules/node-gyp/node_modules/chownr
422 silly ADD node_modules/node-gyp/node_modules/@isaacs/fs-minipass
423 silly ADD node_modules/node-gyp/node_modules/smart-buffer
424 silly ADD node_modules/node-gyp/node_modules/ip-address
425 silly ADD node_modules/node-gyp/node_modules/socks
426 silly ADD node_modules/node-gyp/node_modules/abbrev
427 silly ADD node_modules/node-gyp/node_modules/safer-buffer
428 silly ADD node_modules/node-gyp/node_modules/minizlib
429 silly ADD node_modules/node-gyp/node_modules/minipass-sized
430 silly ADD node_modules/node-gyp/node_modules/iconv-lite
431 silly ADD node_modules/node-gyp/node_modules/balanced-match
432 silly ADD node_modules/node-gyp/node_modules/brace-expansion
433 silly ADD node_modules/node-gyp/node_modules/ms
434 silly ADD node_modules/node-gyp/node_modules/debug
435 silly ADD node_modules/node-gyp/node_modules/path-scurry
436 silly ADD node_modules/node-gyp/node_modules/minimatch
437 silly ADD node_modules/node-gyp/node_modules/p-map
438 silly ADD node_modules/node-gyp/node_modules/minipass-collect
439 silly ADD node_modules/node-gyp/node_modules/glob
440 silly ADD node_modules/node-gyp/node_modules/fs-minipass
441 silly ADD node_modules/node-gyp/node_modules/@npmcli/fs
442 silly ADD node_modules/node-gyp/node_modules/socks-proxy-agent
443 silly ADD node_modules/node-gyp/node_modules/lru-cache
444 silly ADD node_modules/node-gyp/node_modules/https-proxy-agent
445 silly ADD node_modules/node-gyp/node_modules/http-proxy-agent
446 silly ADD node_modules/node-gyp/node_modules/agent-base
447 silly ADD node_modules/node-gyp/node_modules/ssri
448 silly ADD node_modules/node-gyp/node_modules/negotiator
449 silly ADD node_modules/node-gyp/node_modules/minipass-pipeline
450 silly ADD node_modules/node-gyp/node_modules/minipass-pipeline/node_modules/yallist
451 silly ADD node_modules/node-gyp/node_modules/minipass-pipeline/node_modules/minipass
452 silly ADD node_modules/node-gyp/node_modules/minipass-flush
453 silly ADD node_modules/node-gyp/node_modules/minipass-flush/node_modules/yallist
454 silly ADD node_modules/node-gyp/node_modules/minipass-flush/node_modules/minipass
455 silly ADD node_modules/node-gyp/node_modules/minipass-fetch
456 silly ADD node_modules/node-gyp/node_modules/minipass
457 silly ADD node_modules/node-gyp/node_modules/http-cache-semantics
458 silly ADD node_modules/node-gyp/node_modules/cacache
459 silly ADD node_modules/node-gyp/node_modules/@npmcli/redact
460 silly ADD node_modules/node-gyp/node_modules/@npmcli/agent
461 silly ADD node_modules/node-gyp/node_modules/@gar/promise-retry
462 silly ADD node_modules/node-gyp/node_modules/which
463 silly ADD node_modules/node-gyp/node_modules/tinyglobby
464 silly ADD node_modules/node-gyp/node_modules/tar
465 silly ADD node_modules/node-gyp/node_modules/semver
466 silly ADD node_modules/node-gyp/node_modules/proc-log
467 silly ADD node_modules/node-gyp/node_modules/nopt
468 silly ADD node_modules/node-gyp/node_modules/make-fetch-happen
469 silly ADD node_modules/node-gyp/node_modules/graceful-fs
470 silly ADD node_modules/node-gyp/node_modules/exponential-backoff
471 silly ADD node_modules/node-gyp/node_modules/env-paths
472 verbose cwd /data/data/com.termux/files/home
473 verbose os Linux 6.1.128-android14-11-g0cc282c6fd48-ab14281575
474 verbose node v25.8.2
475 verbose npm  v11.12.1
476 verbose exit 0
477 info ok
