0 verbose cli /data/data/com.termux/files/usr/bin/node /data/data/com.termux/files/usr/bin/npm
1 info using npm@11.12.1
2 info using node@v25.8.2
3 silly config load:file:/data/data/com.termux/files/usr/lib/node_modules/npm/npmrc
4 silly config load:file:/data/data/com.termux/files/home/.npmrc
5 silly config load:file:/data/data/com.termux/files/home/.node_modules/etc/npmrc
6 verbose title npm audit fix
7 verbose argv "audit" "fix"
8 verbose logfile logs-max:10 dir:/data/data/com.termux/files/home/.npm/_logs/2026-04-06T21_58_04_093Z-
9 verbose logfile /data/data/com.termux/files/home/.npm/_logs/2026-04-06T21_58_04_093Z-debug-0.log
10 silly logfile start cleaning logs, removing 1 files
11 silly packumentCache heap:1174405120 maxSize:293601280 maxEntrySize:146800640
12 silly logfile done cleaning log files
13 silly audit report null
14 silly idealTree buildDeps
15 silly reify moves {}
16 silly audit report null
17 verbose cwd /data/data/com.termux/files/home
18 verbose os Linux 6.1.128-android14-11-g0cc282c6fd48-ab14281575
19 verbose node v25.8.2
20 verbose npm  v11.12.1
21 verbose exit 0
22 info ok
