0 verbose cli /data/data/com.termux/files/usr/bin/node /data/data/com.termux/files/usr/bin/npm
1 info using npm@11.12.1
2 info using node@v25.8.2
3 silly config load:file:/data/data/com.termux/files/usr/lib/node_modules/npm/npmrc
4 silly config load:file:/data/data/com.termux/files/home/.npmrc
5 silly config load:file:/data/data/com.termux/files/home/.node_modules/etc/npmrc
6 verbose title npm install @colosseum/skills
7 verbose argv "install" "--global" "@colosseum/skills"
8 verbose logfile logs-max:10 dir:/data/data/com.termux/files/home/.npm/_logs/2026-04-06T01_35_49_880Z-
9 verbose logfile /data/data/com.termux/files/home/.npm/_logs/2026-04-06T01_35_49_880Z-debug-0.log
10 silly packumentCache heap:1174405120 maxSize:293601280 maxEntrySize:146800640
11 silly logfile start cleaning logs, removing 1 files
12 silly idealTree buildDeps
13 silly fetch manifest @colosseum/skills@*
14 silly packumentCache full:https://registry.npmjs.org/@colosseum%2fskills cache-miss
15 silly logfile done cleaning log files
16 http fetch GET 404 https://registry.npmjs.org/@colosseum%2fskills 549ms (cache skip)
17 silly placeDep ROOT @colosseum/skills@ OK for:  want: *
18 verbose stack HttpErrorGeneral: 404 Not Found - GET https://registry.npmjs.org/@colosseum%2fskills - Not found
18 verbose stack     at /data/data/com.termux/files/usr/lib/node_modules/npm/node_modules/npm-registry-fetch/lib/check-response.js:103:15
18 verbose stack     at process.processTicksAndRejections (node:internal/process/task_queues:104:5)
18 verbose stack     at async RegistryFetcher.packument (/data/data/com.termux/files/usr/lib/node_modules/npm/node_modules/pacote/lib/registry.js:90:19)
18 verbose stack     at async RegistryFetcher.manifest (/data/data/com.termux/files/usr/lib/node_modules/npm/node_modules/pacote/lib/registry.js:128:23)
18 verbose stack     at async #fetchManifest (/data/data/com.termux/files/usr/lib/node_modules/npm/node_modules/@npmcli/arborist/lib/arborist/build-ideal-tree.js:1227:20)
18 verbose stack     at async #nodeFromEdge (/data/data/com.termux/files/usr/lib/node_modules/npm/node_modules/@npmcli/arborist/lib/arborist/build-ideal-tree.js:1061:19)
18 verbose stack     at async #buildDepStep (/data/data/com.termux/files/usr/lib/node_modules/npm/node_modules/@npmcli/arborist/lib/arborist/build-ideal-tree.js:917:11)
18 verbose stack     at async Arborist.buildIdealTree (/data/data/com.termux/files/usr/lib/node_modules/npm/node_modules/@npmcli/arborist/lib/arborist/build-ideal-tree.js:170:7)
18 verbose stack     at async Arborist.reify (/data/data/com.termux/files/usr/lib/node_modules/npm/node_modules/@npmcli/arborist/lib/arborist/reify.js:111:5)
18 verbose stack     at async Install.exec (/data/data/com.termux/files/usr/lib/node_modules/npm/lib/commands/install.js:146:5)
19 verbose statusCode 404
20 verbose pkgid @colosseum/skills@*
21 error code E404
22 error 404 Not Found - GET https://registry.npmjs.org/@colosseum%2fskills - Not found
23 error 404
24 error 404  The requested resource '@colosseum/skills@*' could not be found or you do not have permission to access it.
25 error 404
26 error 404 Note that you can also install from a
27 error 404 tarball, folder, http url, or git url.
28 silly unfinished npm timer reify 1775439350764
29 silly unfinished npm timer reify:loadTrees 1775439350775
30 verbose cwd /data/data/com.termux/files/home
31 verbose os Linux 6.1.128-android14-11-g0cc282c6fd48-ab14281575
32 verbose node v25.8.2
33 verbose npm  v11.12.1
34 verbose exit 1
35 verbose code 1
36 error A complete log of this run can be found in: /data/data/com.termux/files/home/.npm/_logs/2026-04-06T01_35_49_880Z-debug-0.log
